Microchip MPLAB XC8 Compiler V2.20

Linker command line:

-W-3 --edf=C:\Program Files\Microchip\xc8\v2.20\pic\dat\en_msgs.txt -cn \
  -h+dist/default/production\2.X.production.sym \
  --cmf=dist/default/production\2.X.production.cmf -z -Q16F877A \
  -oC:\Users\mosta\AppData\Local\Temp\s8.2 --defsym=__MPLAB_BUILD=1 \
  -Mdist/default/production/2.X.production.map -E1 -ver=XC8 Compiler \
  --acfsm=1493 -ASTACK=0110h-016Fh -pstack=STACK -ACODE=00h-07FFhx4 \
  -ASTRCODE=00h-01FFFh -ASTRING=00h-0FFhx32 -ACONST=00h-0FFhx32 \
  -AENTRY=00h-0FFhx32 -ACOMMON=070h-07Fh -ABANK0=020h-06Fh \
  -ABANK1=0A0h-0EFh -ABANK2=0110h-016Fh -ABANK3=0190h-01EFh \
  -ARAM=020h-06Fh,0A0h-0EFh,0110h-016Fh,0190h-01EFh \
  -AABS1=020h-07Fh,0A0h-0EFh,0110h-016Fh,0190h-01EFh -ASFR0=00h-01Fh \
  -ASFR1=080h-09Fh -ASFR2=0100h-010Fh -ASFR3=0180h-018Fh \
  -ACONFIG=02007h-02007h -DCONFIG=2 -AIDLOC=02000h-02003h -DIDLOC=2 \
  -preset_vec=00h,intentry,init,end_init -ppowerup=CODE -pcinit=CODE \
  -pfunctab=ENTRY -AEEDATA=00h-0FFh/02100h -peeprom_data=EEDATA -DEEDATA=2 \
  -DCODE=2 -DSTRCODE=2 -DSTRING=2 -DCONST=2 -DENTRY=2 -k \
  C:\Users\mosta\AppData\Local\Temp\s8.o \
  dist/default/production\2.X.production.o 

Object code version is 3.11

Machine type is 16F877A



                Name                               Link     Load   Length Selector   Space Scale
C:\Users\mosta\AppData\Local\Temp\s8.o
                end_init                              0        0        3        0       0
                config                             2007     2007        1        0       4
dist/default/production\2.X.production.o
                cinit                               7D3      7D3       2D      FA6       0
                config                             2007     2007        1        0       4
                text13                              513      513        D      A26       0
                text12                              4F8      4F8        9      9F0       0
                text11                              501      501        9      A02       0
                text10                              50A      50A        9      A14       0
                text9                               554      554       15      AA8       0
                text8                               520      520        D      A40       0
                text7                               57E      57E       17      AFC       0
                text6                               615      615       3B      C2A       0
                text5                               569      569       15      AD2       0
                text4                               595      595       28      B2A       0
                text3                               71E      71E       B5      E3C       0
                text2                               650      650       66      CA0       0
                text1                               6B6      6B6       68      D6C       0
                maintext                            5E6      5E6       2F      BCC       0
                cstackBANK0                          57       57        7       20       1
                cstackCOMMON                         70       70        E       70       1
                inittext                            52D      52D       13      A5A       0
                dataBANK1                            A0       A0       14       A0       1
                dataBANK0                            20       20       29       20       1
                bssBANK0                             49       49        E       20       1
                idataBANK1                          540      540       14      A80       0
                idataBANK0                          5BD      5BD       29      B7A       0

TOTAL           Name                               Link     Load   Length     Space
        CLASS   STACK          

        CLASS   CODE           
                end_init                              0        0        3         0
                cinit                               7D3      7D3       2D         0
                text13                              513      513        D         0
                text12                              4F8      4F8        9         0
                text11                              501      501        9         0
                text10                              50A      50A        9         0
                text9                               554      554       15         0
                text8                               520      520        D         0
                text7                               57E      57E       17         0
                text6                               615      615       3B         0
                text5                               569      569       15         0
                text4                               595      595       28         0
                text3                               71E      71E       B5         0
                text2                               650      650       66         0
                text1                               6B6      6B6       68         0
                maintext                            5E6      5E6       2F         0
                inittext                            52D      52D       13         0
                idataBANK1                          540      540       14         0
                idataBANK0                          5BD      5BD       29         0

        CLASS   STRCODE        

        CLASS   STRING         

        CLASS   CONST          

        CLASS   ENTRY          

        CLASS   COMMON         
                cstackCOMMON                         70       70        E         1

        CLASS   BANK0          
                cstackBANK0                          57       57        7         1
                dataBANK0                            20       20       29         1
                bssBANK0                             49       49        E         1

        CLASS   BANK1          
                dataBANK1                            A0       A0       14         1

        CLASS   BANK2          

        CLASS   BANK3          

        CLASS   RAM            

        CLASS   ABS1           
                abs_s1                               7E       7E        2         1

        CLASS   SFR0           

        CLASS   SFR1           

        CLASS   SFR2           

        CLASS   SFR3           

        CLASS   CONFIG         
                config                             2007     2007        1         4

        CLASS   IDLOC          

        CLASS   EEDATA         



SEGMENTS        Name                           Load    Length   Top    Selector   Space  Class     Delta

                reset_vec                      000000  000003  000003         0       0  CODE        2
                dataBANK0                      000020  00003E  00005E        20       1  BANK0       1
                cstackCOMMON                   000070  00000E  00007E        70       1  COMMON      1
                dataBANK1                      0000A0  000014  0000B4        A0       1  BANK1       1
                text12                         0004F8  000009  000501       9F0       0  CODE        2
                text11                         000501  000009  00050A       A02       0  CODE        2
                text10                         00050A  000009  000513       A14       0  CODE        2
                text13                         000513  00000D  000520       A26       0  CODE        2
                text8                          000520  00000D  00052D       A40       0  CODE        2
                inittext                       00052D  000013  000540       A5A       0  CODE        2
                idataBANK1                     000540  000014  000554       A80       0  CODE        2
                text9                          000554  000015  000569       AA8       0  CODE        2
                text5                          000569  000015  00057E       AD2       0  CODE        2
                text7                          00057E  000017  000595       AFC       0  CODE        2
                text4                          000595  000028  0005BD       B2A       0  CODE        2
                idataBANK0                     0005BD  000029  0005E6       B7A       0  CODE        2
                maintext                       0005E6  00002F  000615       BCC       0  CODE        2
                text6                          000615  00003B  000650       C2A       0  CODE        2
                text2                          000650  000066  0006B6       CA0       0  CODE        2
                text1                          0006B6  000068  00071E       D6C       0  CODE        2
                text3                          00071E  0000B5  0007D3       E3C       0  CODE        2
                cinit                          0007D3  00002D  000800       FA6       0  CODE        2


UNUSED ADDRESS RANGES

        Name                Unused          Largest block    Delta
        BANK0            005E-006F             12           1
        BANK1            00B4-00EF             3C           1
        BANK2            0110-016F             60           1
        BANK3            0190-01EF             60           1
        CODE             0003-04F7            4F5           2
                         0800-1FFF            800
        CONST            0003-04F7            100           2
                         0800-1FFF            100
        EEDATA           2100-21FF            100           2
        ENTRY            0003-04F7            100           2
                         0800-1FFF            100
        IDLOC            2000-2003              4           2
        RAM              005E-006F             12           1
                         00B4-00EF             3C
                         0110-016F             60
                         0190-01EF             60
        SFR0             0000-001F             20           1
        SFR1             0080-009F             20           1
        SFR2             0100-010F             10           1
        SFR3             0180-018F             10           1
        STACK            0110-016F             60           1
        STRCODE          0003-04F7            4F5           2
                         0800-1FFF           1800
        STRING           0003-04F7            100           2
                         0800-1FFF            100

                                  Symbol Table

?___lldiv                          cstackCOMMON 0070
EEPROM_Read@Data                   cstackCOMMON 0073
EEPROM_Read@add                    cstackCOMMON 0071
EEPROM_Write@add                   cstackCOMMON 0071
EEPROM_Write@data                  cstackCOMMON 0073
I2C_Master_Write@data              cstackCOMMON 0070
I2c_Init@Config_Ptr                cstackBANK0  005B
I2c_WriteSlaveAddress@data         cstackCOMMON 0070
Port_Init@ConfigPtr                cstackCOMMON 0076
Port_Init@Port_Dir_Ptr             cstackCOMMON 0072
Port_Init@Port_Ptr                 cstackCOMMON 0074
_ACKEN                             (abs)        048C
_ACKSTAT                           (abs)        048E
_ADCON0                            (abs)        001F
_ADCON0bits                        (abs)        001F
_ADCON1                            (abs)        009F
_ADRESH                            (abs)        001E
_ADRESL                            (abs)        009E
_Dio_ConfigGroupChannel            dataBANK0    0020
_EEPROM_Read                       text6        0615
_EEPROM_Write                      text4        0595
_GO_DONE                           (abs)        00FA
_Heater_Lamp_Config                bssBANK0     004F
_I2C_Master_RepeatedStart          text12       04F8
_I2C_Master_Start                  text11       0501
_I2C_Master_Stop                   text10       050A
_I2C_Master_Wait                   text13       0513
_I2C_Master_Write                  text9        0554
_I2C_NACK                          text8        0520
_I2C_Read_Byte                     text7        057E
_I2c_Configurations                dataBANK0    003F
_I2c_Init                          text1        06B6
_I2c_WriteSlaveAddress             text5        0569
_ON_Lamp_Config                    bssBANK0     0053
_PORTD                             (abs)        0008
_PortStatus                        bssBANK0     0049
_Port_Config                       dataBANK1    00A0
_Port_Init                         text3        071E
_RD4                               (abs)        0044
_RD5                               (abs)        0045
_RD6                               (abs)        0046
_RD7                               (abs)        0047
_RE1                               (abs)        0049
_RE2                               (abs)        004A
_SSPADD                            (abs)        0093
_SSPBUF                            (abs)        0013
_SSPCON                            (abs)        0014
_SSPCON2                           (abs)        0091
_SSPIF                             (abs)        0063
_SSPSTAT                           (abs)        0094
_TRISD                             (abs)        0088
_TRISE1                            (abs)        0449
_TRISE2                            (abs)        044A
__Habs1                            abs1         0000
__Hbank0                           bank0        0000
__Hbank1                           bank1        0000
__Hbank2                           bank2        0000
__Hbank3                           bank3        0000
__HbssBANK0                        bssBANK0     0000
__Hcinit                           cinit        0800
__Hclrtext                         clrtext      0000
__Hcode                            code         0000
__Hcommon                          common       0000
__Hconfig                          config       2008
__HcstackBANK0                     cstackBANK0  0000
__HcstackCOMMON                    cstackCOMMON 0000
__HdataBANK0                       dataBANK0    0000
__HdataBANK1                       dataBANK1    0000
__Heeprom_data                     eeprom_data  0000
__Hend_init                        end_init     0003
__Hfunctab                         functab      0000
__HidataBANK0                      idataBANK0   0000
__HidataBANK1                      idataBANK1   0000
__Hinit                            init         0000
__Hinittext                        inittext     0000
__Hintentry                        intentry     0000
__Hmaintext                        maintext     0000
__Hpowerup                         powerup      0000
__Hram                             ram          0000
__Hreset_vec                       reset_vec    0000
__Hsfr0                            sfr0         0000
__Hsfr1                            sfr1         0000
__Hsfr2                            sfr2         0000
__Hsfr3                            sfr3         0000
__Hspace_0                         (abs)        0800
__Hspace_1                         (abs)        00B4
__Hspace_2                         (abs)        0000
__Hspace_3                         (abs)        0000
__Hspace_4                         (abs)        400F
__Hstack                           stack        0000
__Hstrings                         strings      0000
__Htext                            text         0000
__Labs1                            abs1         0000
__Lbank0                           bank0        0000
__Lbank1                           bank1        0000
__Lbank2                           bank2        0000
__Lbank3                           bank3        0000
__LbssBANK0                        bssBANK0     0000
__Lcinit                           cinit        07D3
__Lclrtext                         clrtext      0000
__Lcode                            code         0000
__Lcommon                          common       0000
__Lconfig                          config       0000
__LcstackBANK0                     cstackBANK0  0000
__LcstackCOMMON                    cstackCOMMON 0000
__LdataBANK0                       dataBANK0    0000
__LdataBANK1                       dataBANK1    0000
__Leeprom_data                     eeprom_data  0000
__Lend_init                        end_init     0000
__Lfunctab                         functab      0000
__LidataBANK0                      idataBANK0   0000
__LidataBANK1                      idataBANK1   0000
__Linit                            init         0000
__Linittext                        inittext     0000
__Lintentry                        intentry     0000
__Lmaintext                        maintext     0000
__Lpowerup                         powerup      0000
__Lram                             ram          0000
__Lreset_vec                       reset_vec    0000
__Lsfr0                            sfr0         0000
__Lsfr1                            sfr1         0000
__Lsfr2                            sfr2         0000
__Lsfr3                            sfr3         0000
__Lspace_0                         (abs)        0000
__Lspace_1                         (abs)        0000
__Lspace_2                         (abs)        0000
__Lspace_3                         (abs)        0000
__Lspace_4                         (abs)        0000
__Lstack                           stack        0000
__Lstrings                         strings      0000
__Ltext                            text         0000
__S0                               (abs)        0800
__S1                               (abs)        00B4
__S2                               (abs)        0000
__S3                               (abs)        0000
___int_sp                          stack        0000
___latbits                         (abs)        0002
___lldiv                           text2        0650
___lldiv@counter                   cstackCOMMON 007D
___lldiv@dividend                  cstackCOMMON 0074
___lldiv@divisor                   cstackCOMMON 0070
___lldiv@quotient                  cstackCOMMON 0079
___sp                              stack        0000
___stackhi                         (abs)        0000
___stacklo                         (abs)        0000
__end_of_EEPROM_Read               text6        0650
__end_of_EEPROM_Write              text4        05BD
__end_of_I2C_Master_RepeatedStart  text12       0501
__end_of_I2C_Master_Start          text11       050A
__end_of_I2C_Master_Stop           text10       0513
__end_of_I2C_Master_Wait           text13       0520
__end_of_I2C_Master_Write          text9        0569
__end_of_I2C_NACK                  text8        052D
__end_of_I2C_Read_Byte             text7        0595
__end_of_I2c_Init                  text1        071E
__end_of_I2c_WriteSlaveAddress     text5        057E
__end_of_Port_Init                 text3        07D3
__end_of___lldiv                   text2        06B6
__end_of__initialization           cinit        07FC
__end_of_main                      maintext     0615
__initialization                   cinit        07D3
__pbssBANK0                        bssBANK0     0049
__pcstackBANK0                     cstackBANK0  0057
__pcstackCOMMON                    cstackCOMMON 0070
__pdataBANK0                       dataBANK0    0020
__pdataBANK1                       dataBANK1    00A0
__pidataBANK0                      idataBANK0   05BD
__pidataBANK1                      idataBANK1   0540
__pmaintext                        maintext     05E6
__ptext1                           text1        06B6
__ptext10                          text10       050A
__ptext11                          text11       0501
__ptext12                          text12       04F8
__ptext13                          text13       0513
__ptext2                           text2        0650
__ptext3                           text3        071E
__ptext4                           text4        0595
__ptext5                           text5        0569
__ptext6                           text6        0615
__ptext7                           text7        057E
__ptext8                           text8        0520
__ptext9                           text9        0554
__size_of_EEPROM_Read              (abs)        0000
__size_of_EEPROM_Write             (abs)        0000
__size_of_I2C_Master_RepeatedStart (abs)        0000
__size_of_I2C_Master_Start         (abs)        0000
__size_of_I2C_Master_Stop          (abs)        0000
__size_of_I2C_Master_Wait          (abs)        0000
__size_of_I2C_Master_Write         (abs)        0000
__size_of_I2C_NACK                 (abs)        0000
__size_of_I2C_Read_Byte            (abs)        0000
__size_of_I2c_Init                 (abs)        0000
__size_of_I2c_WriteSlaveAddress    (abs)        0000
__size_of_Port_Init                (abs)        0000
__size_of___lldiv                  (abs)        0000
__size_of_main                     (abs)        0000
_main                              maintext     05E6
_x                                 dataBANK0    0032
btemp                              (abs)        007E
end_of_initialization              cinit        07FC
init_fetch0                        inittext     052D
init_ram0                          inittext     0531
intlevel0                          functab      0000
intlevel1                          functab      0000
intlevel2                          functab      0000
intlevel3                          functab      0000
intlevel4                          functab      0000
intlevel5                          functab      0000
reset_vec                          reset_vec    0000
start                              init         0000
start_initialization               cinit        07D3
wtemp0                             (abs)        007E


FUNCTION INFORMATION:

 *************** function _main *****************
 Defined at:
		line 74 in file "main.c"
 Parameters:    Size  Location     Type
		None
 Auto vars:     Size  Location     Type
  Address         2    0        unsigned int 
  Data            1    0        unsigned char 
 Return value:  Size  Location     Type
                  1    wreg      void 
 Registers used:
		wreg, fsr0l, fsr0h, status,2, status,0, btemp+1, pclath, cstack
 Tracked objects:
		On entry : 
		On exit  : 
		Unchanged: 
 Data sizes:     COMMON   BANK0   BANK1   BANK3   BANK2
      Params:         0       0       0       0       0
      Locals:         0       3       0       0       0
      Temps:          0       2       0       0       0
      Totals:         0       5       0       0       0
Total ram usage:        5 bytes
 Hardware stack levels required when called:    3
 This function calls:
		_EEPROM_Read
		_EEPROM_Write
		_I2c_Init
 This function is called by:
		Startup code after reset
 This function uses a non-reentrant model


 *************** function _I2c_Init *****************
 Defined at:
		line 9 in file "I2c.c"
 Parameters:    Size  Location     Type
  Config_Ptr      1    wreg     PTR struct .
		 -> x(13), 
 Auto vars:     Size  Location     Type
  Config_Ptr      1    4[BANK0 ] PTR struct .
		 -> x(13), 
 Return value:  Size  Location     Type
                  1    wreg      void 
 Registers used:
		wreg, fsr0l, fsr0h, status,2, status,0, btemp+1, pclath, cstack
 Tracked objects:
		On entry : 
		On exit  : 
		Unchanged: 
 Data sizes:     COMMON   BANK0   BANK1   BANK3   BANK2
      Params:         0       0       0       0       0
      Locals:         0       1       0       0       0
      Temps:          0       4       0       0       0
      Totals:         0       5       0       0       0
Total ram usage:        5 bytes
 Hardware stack levels used:    1
 Hardware stack levels required when called:    1
 This function calls:
		_Port_Init
		___lldiv
 This function is called by:
		_main
 This function uses a non-reentrant model


 *************** function ___lldiv *****************
 Defined at:
		line 5 in file "C:\Program Files\Microchip\xc8\v2.20\pic\sources\c90\common\__lldiv.c"
 Parameters:    Size  Location     Type
  divisor         4    0[COMMON] unsigned long 
  dividend        4    4[COMMON] unsigned long 
 Auto vars:     Size  Location     Type
  quotient        4    9[COMMON] unsigned long 
  counter         1   13[COMMON] unsigned char 
 Return value:  Size  Location     Type
                  4    0[COMMON] unsigned long 
 Registers used:
		wreg, status,2, status,0, btemp+1
 Tracked objects:
		On entry : 
		On exit  : 
		Unchanged: 
 Data sizes:     COMMON   BANK0   BANK1   BANK3   BANK2
      Params:         8       0       0       0       0
      Locals:         5       0       0       0       0
      Temps:          1       0       0       0       0
      Totals:        14       0       0       0       0
Total ram usage:       14 bytes
 Hardware stack levels used:    1
 This function calls:
		Nothing
 This function is called by:
		_I2c_Init
 This function uses a non-reentrant model


 *************** function _Port_Init *****************
 Defined at:
		line 17 in file "Port.c"
 Parameters:    Size  Location     Type
  ConfigPtr       1    wreg     PTR const struct .
		 -> Port_Config(20), I2c_Configurations(10), 
 Auto vars:     Size  Location     Type
  ConfigPtr       1    6[COMMON] PTR const struct .
		 -> Port_Config(20), I2c_Configurations(10), 
  Port_Ptr        2    4[COMMON] PTR volatile unsigned ch
		 -> RAM(512), NULL(0), 
  Port_Dir_Ptr    2    2[COMMON] PTR volatile unsigned ch
		 -> RAM(512), 
 Return value:  Size  Location     Type
                  1    wreg      void 
 Registers used:
		wreg, fsr0l, fsr0h, status,2, status,0, btemp+1
 Tracked objects:
		On entry : 
		On exit  : 
		Unchanged: 
 Data sizes:     COMMON   BANK0   BANK1   BANK3   BANK2
      Params:         0       0       0       0       0
      Locals:         5       0       0       0       0
      Temps:          2       0       0       0       0
      Totals:         7       0       0       0       0
Total ram usage:        7 bytes
 Hardware stack levels used:    1
 This function calls:
		Nothing
 This function is called by:
		_I2c_Init
		_ADC_Init
 This function uses a non-reentrant model


 *************** function _EEPROM_Write *****************
 Defined at:
		line 3 in file "I2c eeprom.c"
 Parameters:    Size  Location     Type
  add             2    1[COMMON] unsigned int 
  data            1    3[COMMON] unsigned char 
 Auto vars:     Size  Location     Type
		None
 Return value:  Size  Location     Type
                  1    wreg      void 
 Registers used:
		wreg, status,2, status,0, pclath, cstack
 Tracked objects:
		On entry : 
		On exit  : 
		Unchanged: 
 Data sizes:     COMMON   BANK0   BANK1   BANK3   BANK2
      Params:         3       0       0       0       0
      Locals:         0       0       0       0       0
      Temps:          0       0       0       0       0
      Totals:         3       0       0       0       0
Total ram usage:        3 bytes
 Hardware stack levels used:    1
 Hardware stack levels required when called:    2
 This function calls:
		_I2C_Master_RepeatedStart
		_I2C_Master_Start
		_I2C_Master_Stop
		_I2C_Master_Write
		_I2c_WriteSlaveAddress
 This function is called by:
		_main
 This function uses a non-reentrant model


 *************** function _I2c_WriteSlaveAddress *****************
 Defined at:
		line 54 in file "I2c.c"
 Parameters:    Size  Location     Type
  data            1    wreg     unsigned char 
 Auto vars:     Size  Location     Type
  data            1    0[COMMON] unsigned char 
 Return value:  Size  Location     Type
                  1    wreg      unsigned char 
 Registers used:
		wreg, status,2, status,0, pclath, cstack
 Tracked objects:
		On entry : 
		On exit  : 
		Unchanged: 
 Data sizes:     COMMON   BANK0   BANK1   BANK3   BANK2
      Params:         0       0       0       0       0
      Locals:         1       0       0       0       0
      Temps:          0       0       0       0       0
      Totals:         1       0       0       0       0
Total ram usage:        1 bytes
 Hardware stack levels used:    1
 Hardware stack levels required when called:    1
 This function calls:
		_I2C_Master_Wait
 This function is called by:
		_EEPROM_Write
 This function uses a non-reentrant model


 *************** function _EEPROM_Read *****************
 Defined at:
		line 30 in file "I2c eeprom.c"
 Parameters:    Size  Location     Type
  add             2    1[COMMON] unsigned int 
 Auto vars:     Size  Location     Type
  Data            1    3[COMMON] unsigned char 
 Return value:  Size  Location     Type
                  1    wreg      unsigned char 
 Registers used:
		wreg, status,2, status,0, btemp+1, pclath, cstack
 Tracked objects:
		On entry : 
		On exit  : 
		Unchanged: 
 Data sizes:     COMMON   BANK0   BANK1   BANK3   BANK2
      Params:         2       0       0       0       0
      Locals:         1       0       0       0       0
      Temps:          0       0       0       0       0
      Totals:         3       0       0       0       0
Total ram usage:        3 bytes
 Hardware stack levels used:    1
 Hardware stack levels required when called:    2
 This function calls:
		_I2C_Master_RepeatedStart
		_I2C_Master_Start
		_I2C_Master_Stop
		_I2C_Master_Write
		_I2C_NACK
		_I2C_Read_Byte
 This function is called by:
		_main
 This function uses a non-reentrant model


 *************** function _I2C_Read_Byte *****************
 Defined at:
		line 73 in file "I2c.c"
 Parameters:    Size  Location     Type
		None
 Auto vars:     Size  Location     Type
		None
 Return value:  Size  Location     Type
                  1    wreg      unsigned char 
 Registers used:
		wreg, status,2, status,0, pclath, cstack
 Tracked objects:
		On entry : 
		On exit  : 
		Unchanged: 
 Data sizes:     COMMON   BANK0   BANK1   BANK3   BANK2
      Params:         0       0       0       0       0
      Locals:         0       0       0       0       0
      Temps:          0       0       0       0       0
      Totals:         0       0       0       0       0
Total ram usage:        0 bytes
 Hardware stack levels used:    1
 Hardware stack levels required when called:    1
 This function calls:
		_I2C_Master_Wait
 This function is called by:
		_EEPROM_Read
		_EEPROM_Read_Page
 This function uses a non-reentrant model


 *************** function _I2C_NACK *****************
 Defined at:
		line 89 in file "I2c.c"
 Parameters:    Size  Location     Type
		None
 Auto vars:     Size  Location     Type
		None
 Return value:  Size  Location     Type
                  1    wreg      void 
 Registers used:
		wreg, status,2, status,0, pclath, cstack
 Tracked objects:
		On entry : 
		On exit  : 
		Unchanged: 
 Data sizes:     COMMON   BANK0   BANK1   BANK3   BANK2
      Params:         0       0       0       0       0
      Locals:         0       0       0       0       0
      Temps:          0       0       0       0       0
      Totals:         0       0       0       0       0
Total ram usage:        0 bytes
 Hardware stack levels used:    1
 Hardware stack levels required when called:    1
 This function calls:
		_I2C_Master_Wait
 This function is called by:
		_EEPROM_Read
 This function uses a non-reentrant model


 *************** function _I2C_Master_Write *****************
 Defined at:
		line 46 in file "I2c.c"
 Parameters:    Size  Location     Type
  data            1    wreg     unsigned char 
 Auto vars:     Size  Location     Type
  data            1    0[COMMON] unsigned char 
 Return value:  Size  Location     Type
                  1    wreg      unsigned char 
 Registers used:
		wreg, status,2, status,0, pclath, cstack
 Tracked objects:
		On entry : 
		On exit  : 
		Unchanged: 
 Data sizes:     COMMON   BANK0   BANK1   BANK3   BANK2
      Params:         0       0       0       0       0
      Locals:         1       0       0       0       0
      Temps:          0       0       0       0       0
      Totals:         1       0       0       0       0
Total ram usage:        1 bytes
 Hardware stack levels used:    1
 Hardware stack levels required when called:    1
 This function calls:
		_I2C_Master_Wait
 This function is called by:
		_EEPROM_Write
		_EEPROM_Read
		_EEPROM_Write_Page
		_EEPROM_Read_Page
 This function uses a non-reentrant model


 *************** function _I2C_Master_Stop *****************
 Defined at:
		line 41 in file "I2c.c"
 Parameters:    Size  Location     Type
		None
 Auto vars:     Size  Location     Type
		None
 Return value:  Size  Location     Type
                  1    wreg      void 
 Registers used:
		wreg, status,2, status,0, pclath, cstack
 Tracked objects:
		On entry : 
		On exit  : 
		Unchanged: 
 Data sizes:     COMMON   BANK0   BANK1   BANK3   BANK2
      Params:         0       0       0       0       0
      Locals:         0       0       0       0       0
      Temps:          0       0       0       0       0
      Totals:         0       0       0       0       0
Total ram usage:        0 bytes
 Hardware stack levels used:    1
 Hardware stack levels required when called:    1
 This function calls:
		_I2C_Master_Wait
 This function is called by:
		_EEPROM_Write
		_EEPROM_Read
		_EEPROM_Write_Page
		_EEPROM_Read_Page
 This function uses a non-reentrant model


 *************** function _I2C_Master_Start *****************
 Defined at:
		line 31 in file "I2c.c"
 Parameters:    Size  Location     Type
		None
 Auto vars:     Size  Location     Type
		None
 Return value:  Size  Location     Type
                  1    wreg      void 
 Registers used:
		wreg, status,2, status,0, pclath, cstack
 Tracked objects:
		On entry : 
		On exit  : 
		Unchanged: 
 Data sizes:     COMMON   BANK0   BANK1   BANK3   BANK2
      Params:         0       0       0       0       0
      Locals:         0       0       0       0       0
      Temps:          0       0       0       0       0
      Totals:         0       0       0       0       0
Total ram usage:        0 bytes
 Hardware stack levels used:    1
 Hardware stack levels required when called:    1
 This function calls:
		_I2C_Master_Wait
 This function is called by:
		_EEPROM_Write
		_EEPROM_Read
		_EEPROM_Write_Page
		_EEPROM_Read_Page
 This function uses a non-reentrant model


 *************** function _I2C_Master_RepeatedStart *****************
 Defined at:
		line 36 in file "I2c.c"
 Parameters:    Size  Location     Type
		None
 Auto vars:     Size  Location     Type
		None
 Return value:  Size  Location     Type
                  1    wreg      void 
 Registers used:
		wreg, status,2, status,0, pclath, cstack
 Tracked objects:
		On entry : 
		On exit  : 
		Unchanged: 
 Data sizes:     COMMON   BANK0   BANK1   BANK3   BANK2
      Params:         0       0       0       0       0
      Locals:         0       0       0       0       0
      Temps:          0       0       0       0       0
      Totals:         0       0       0       0       0
Total ram usage:        0 bytes
 Hardware stack levels used:    1
 Hardware stack levels required when called:    1
 This function calls:
		_I2C_Master_Wait
 This function is called by:
		_EEPROM_Write
		_EEPROM_Read
		_EEPROM_Write_Page
		_EEPROM_Read_Page
 This function uses a non-reentrant model


 *************** function _I2C_Master_Wait *****************
 Defined at:
		line 27 in file "I2c.c"
 Parameters:    Size  Location     Type
		None
 Auto vars:     Size  Location     Type
		None
 Return value:  Size  Location     Type
                  1    wreg      void 
 Registers used:
		wreg, status,2
 Tracked objects:
		On entry : 
		On exit  : 
		Unchanged: 
 Data sizes:     COMMON   BANK0   BANK1   BANK3   BANK2
      Params:         0       0       0       0       0
      Locals:         0       0       0       0       0
      Temps:          0       0       0       0       0
      Totals:         0       0       0       0       0
Total ram usage:        0 bytes
 Hardware stack levels used:    1
 This function calls:
		Nothing
 This function is called by:
		_I2C_Master_Start
		_I2C_Master_RepeatedStart
		_I2C_Master_Stop
		_I2C_Master_Write
		_I2c_WriteSlaveAddress
		_I2C_Read_Byte
		_I2C_NACK
		_I2C_ACK
 This function uses a non-reentrant model



MODULE INFORMATION

Module		Function		Class		Link	Load	Size
I2c eeprom.c
		_EEPROM_Read   		CODE           	0615	0000	60
		_EEPROM_Write  		CODE           	0595	0000	41

I2c eeprom.c estimated size: 101

C:\Program Files\Microchip\xc8\v2.20\pic\sources\c90\common\__lldiv.c
		___lldiv       		CODE           	0650	0000	103

C:\Program Files\Microchip\xc8\v2.20\pic\sources\c90\common\__lldiv.c estimated size: 103

Port.c
		_Port_Init     		CODE           	071E	0000	182

Port.c estimated size: 182

I2c.c
		_I2C_Master_Wait		CODE           	0513	0000	14
		_I2C_Master_Stop		CODE           	050A	0000	10
		_I2c_WriteSlaveAddress		CODE           	0569	0000	22
		_I2C_Master_RepeatedStart		CODE           	04F8	0000	10
		_I2C_Read_Byte 		CODE           	057E	0000	24
		_I2C_Master_Write		CODE           	0554	0000	22
		_I2C_NACK      		CODE           	0520	0000	14
		_I2C_Master_Start		CODE           	0501	0000	10
		_I2c_Init      		CODE           	06B6	0000	105

I2c.c estimated size: 231

shared
		__initialization		CODE           	07D3	0000	42

shared estimated size: 42

main.c
		_main          		CODE           	05E6	0000	48

main.c estimated size: 48

